>>> say_my_name = __import__('3-say_my_name').say_my_name
>>> say_my_name("amos", "karugo")
My name is amos karugo

#first name or last name is none

>>> say_my_name(None, "karugo")
Traceback (most recent call last):
	...
TypeError: first_name must be a string

>>> say_my_name(None, "karugo")
Traceback (most recent call last):
	...
TypeError: first_name must be a string

#nothing passed to the function

>>> say_my_name()
Traceback (most recent call last):
	...
TypeError: say_my_name() missing 1 required positional argument: 'first_name'

#numbers passed

>>> say_my_name(1, 2)
Traceback (most recent call last):
	...
TypeError: first_name must be a string

#empty strings
>>> say_my_name("", "") #doctest: +NORMALIZE_WHITESPACE
My name is

#pass none
>>> say_my_name(None)
Traceback (most recent call last):
	...
TypeError: first_name must be a string
